2024.08.03 15:52:53 INFO  Started: Metals version 1.3.5 in folders '/home/zcy/ysyx/ysyx-workbench/ysyxSoC' for client Visual Studio Code 1.92.0.[0m
SLF4J(W): Class path contains multiple SLF4J providers.
SLF4J(W): Found provider [scribe.slf4j.ScribeServiceProvider@1aeae786]
SLF4J(W): Found provider [ch.qos.logback.classic.spi.LogbackServiceProvider@7d62c4e5]
SLF4J(W): See https://www.slf4j.org/codes.html#multiple_bindings for an explanation.
SLF4J(I): Actual provider is of type [scribe.slf4j.ScribeServiceProvider@1aeae786]
2024.08.03 15:52:54 WARN  Flyway upgrade recommended: H2 2.3.230 is newer than this version of Flyway and support has not been tested. The latest supported version of H2 is 2.2.220.[0m
2024.08.03 15:53:09 INFO  no build target found for /home/zcy/ysyx/ysyx-workbench/ysyxSoC/src/amba/APBDelayer.scala. Using presentation compiler with project's scala-library version: 3.3.3[0m
2024.08.03 15:53:10 INFO  no build target found for /home/zcy/ysyx/ysyx-workbench/ysyxSoC/src/amba/APBDelayer.scala. Using presentation compiler with project's scala-library version: 3.3.3[0m
2024.08.03 15:53:14 INFO  no build target found for /home/zcy/ysyx/ysyx-workbench/ysyxSoC/src/SoC.scala. Using presentation compiler with project's scala-library version: 3.3.3[0m
Aug 03, 2024 3:53:14 PM org.eclipse.lsp4j.jsonrpc.RemoteEndpoint handleCancellation
WARNING: Unmatched cancel notification for request id 10
Aug 03, 2024 3:53:14 PM org.eclipse.lsp4j.jsonrpc.RemoteEndpoint handleCancellation
WARNING: Unmatched cancel notification for request id 8
2024.08.03 15:53:14 INFO  no build target found for /home/zcy/ysyx/ysyx-workbench/ysyxSoC/src/SoC.scala. Using presentation compiler with project's scala-library version: 3.3.3[0m
2024.08.03 15:53:14 INFO  no build target found for /home/zcy/ysyx/ysyx-workbench/ysyxSoC/src/Top.scala. Using presentation compiler with project's scala-library version: 3.3.3[0m
Aug 03, 2024 3:53:14 PM org.eclipse.lsp4j.jsonrpc.RemoteEndpoint handleCancellation
WARNING: Unmatched cancel notification for request id 18
Aug 03, 2024 3:53:14 PM org.eclipse.lsp4j.jsonrpc.RemoteEndpoint handleCancellation
WARNING: Unmatched cancel notification for request id 15
2024.08.03 15:53:14 INFO  no build target found for /home/zcy/ysyx/ysyx-workbench/ysyxSoC/src/Top.scala. Using presentation compiler with project's scala-library version: 3.3.3[0m
2024.08.03 15:53:14 INFO  no build target found for /home/zcy/ysyx/ysyx-workbench/ysyxSoC/src/CPU.scala. Using presentation compiler with project's scala-library version: 3.3.3[0m
2024.08.03 15:53:16 INFO  no build target found for /home/zcy/ysyx/ysyx-workbench/ysyxSoC/src/CPU.scala. Using presentation compiler with project's scala-library version: 3.3.3[0m
2024.08.03 15:53:16 INFO  no build target found for /home/zcy/ysyx/ysyx-workbench/ysyxSoC/src/Top.scala. Using presentation compiler with project's scala-library version: 3.3.3[0m
2024.08.03 15:53:18 INFO  no build target found for /home/zcy/ysyx/ysyx-workbench/ysyxSoC/src/Top.scala. Using presentation compiler with project's scala-library version: 3.3.3[0m
2024.08.03 15:53:18 INFO  no build target found for /home/zcy/ysyx/ysyx-workbench/ysyxSoC/src/SoC.scala. Using presentation compiler with project's scala-library version: 3.3.3[0m
2024.08.03 15:53:20 INFO  no build target found for /home/zcy/ysyx/ysyx-workbench/ysyxSoC/src/SoC.scala. Using presentation compiler with project's scala-library version: 3.3.3[0m
2024.08.03 15:53:24 INFO  no build target found for /home/zcy/ysyx/ysyx-workbench/ysyxSoC/src/SoC.scala. Using presentation compiler with project's scala-library version: 3.3.3[0m
2024.08.03 15:53:24 INFO  no build target found for /home/zcy/ysyx/ysyx-workbench/ysyxSoC/src/Top.scala. Using presentation compiler with project's scala-library version: 3.3.3[0m
2024.08.03 15:53:26 INFO  no build target found for /home/zcy/ysyx/ysyx-workbench/ysyxSoC/src/Top.scala. Using presentation compiler with project's scala-library version: 3.3.3[0m
2024.08.03 15:53:26 INFO  no build target found for /home/zcy/ysyx/ysyx-workbench/ysyxSoC/src/Top.scala. Using presentation compiler with project's scala-library version: 3.3.3[0m
2024.08.03 15:53:26 INFO  no build target found for /home/zcy/ysyx/ysyx-workbench/ysyxSoC/src/Top.scala. Using presentation compiler with project's scala-library version: 3.3.3[0m
2024.08.03 15:53:26 INFO  no build target found for /home/zcy/ysyx/ysyx-workbench/ysyxSoC/src/Top.scala. Using presentation compiler with project's scala-library version: 3.3.3[0m
2024.08.03 15:53:26 INFO  no build target found for /home/zcy/ysyx/ysyx-workbench/ysyxSoC/src/Top.scala. Using presentation compiler with project's scala-library version: 3.3.3[0m
2024.08.03 15:53:27 INFO  no build target found for /home/zcy/ysyx/ysyx-workbench/ysyxSoC/src/Top.scala. Using presentation compiler with project's scala-library version: 3.3.3[0m
2024.08.03 15:53:27 INFO  no build target found for /home/zcy/ysyx/ysyx-workbench/ysyxSoC/src/Top.scala. Using presentation compiler with project's scala-library version: 3.3.3[0m
2024.08.03 15:53:27 INFO  no build target found for /home/zcy/ysyx/ysyx-workbench/ysyxSoC/src/Top.scala. Using presentation compiler with project's scala-library version: 3.3.3[0m
2024.08.03 15:53:27 INFO  no build target found for /home/zcy/ysyx/ysyx-workbench/ysyxSoC/src/Top.scala. Using presentation compiler with project's scala-library version: 3.3.3[0m
2024.08.03 15:53:27 INFO  no build target found for /home/zcy/ysyx/ysyx-workbench/ysyxSoC/src/Top.scala. Using presentation compiler with project's scala-library version: 3.3.3[0m
2024.08.03 15:53:27 INFO  no build target found for /home/zcy/ysyx/ysyx-workbench/ysyxSoC/src/Top.scala. Using presentation compiler with project's scala-library version: 3.3.3[0m
2024.08.03 15:53:27 INFO  no build target found for /home/zcy/ysyx/ysyx-workbench/ysyxSoC/src/Top.scala. Using presentation compiler with project's scala-library version: 3.3.3[0m
2024.08.03 15:53:28 INFO  no build target found for /home/zcy/ysyx/ysyx-workbench/ysyxSoC/src/Top.scala. Using presentation compiler with project's scala-library version: 3.3.3[0m
2024.08.03 15:53:28 INFO  no build target found for /home/zcy/ysyx/ysyx-workbench/ysyxSoC/src/Top.scala. Using presentation compiler with project's scala-library version: 3.3.3[0m
2024.08.03 15:53:28 INFO  no build target found for /home/zcy/ysyx/ysyx-workbench/ysyxSoC/src/Top.scala. Using presentation compiler with project's scala-library version: 3.3.3[0m
2024.08.03 15:53:28 INFO  no build target found for /home/zcy/ysyx/ysyx-workbench/ysyxSoC/src/Top.scala. Using presentation compiler with project's scala-library version: 3.3.3[0m
2024.08.03 15:53:28 INFO  no build target found for /home/zcy/ysyx/ysyx-workbench/ysyxSoC/src/Top.scala. Using presentation compiler with project's scala-library version: 3.3.3[0m
2024.08.03 15:53:28 WARN  no build target for: /home/zcy/ysyx/ysyx-workbench/ysyxSoC/src/Top.scala[0m
2024.08.03 15:53:28 INFO  no build target found for /home/zcy/ysyx/ysyx-workbench/ysyxSoC/src/Top.scala. Using presentation compiler with project's scala-library version: 3.3.3[0m
2024.08.03 15:53:28 WARN  Using indexes to guess the definition of ysyxSoCTop[0m
2024.08.03 15:53:28 WARN  no build target for: /home/zcy/ysyx/ysyx-workbench/ysyxSoC/src/Top.scala[0m
2024.08.03 15:53:28 INFO  no build target found for /home/zcy/ysyx/ysyx-workbench/ysyxSoC/src/Top.scala. Using presentation compiler with project's scala-library version: 3.3.3[0m
2024.08.03 15:53:28 INFO  no build target found for /home/zcy/ysyx/ysyx-workbench/ysyxSoC/src/Top.scala. Using presentation compiler with project's scala-library version: 3.3.3[0m
2024.08.03 15:53:29 WARN  no build target for: /home/zcy/ysyx/ysyx-workbench/ysyxSoC/src/Top.scala[0m
2024.08.03 15:53:28 INFO  no build target found for /home/zcy/ysyx/ysyx-workbench/ysyxSoC/src/Top.scala. Using presentation compiler with project's scala-library version: 3.3.3[0m
2024.08.03 16:08:08 INFO  no build target found for /home/zcy/ysyx/ysyx-workbench/ysyxSoC/src/Top.scala. Using presentation compiler with project's scala-library version: 3.3.3[0m
2024.08.03 16:08:12 INFO  no build target found for /home/zcy/ysyx/ysyx-workbench/ysyxSoC/src/Top.scala. Using presentation compiler with project's scala-library version: 3.3.3[0m
2024.08.04 00:54:34 INFO  Shutting down server[0m
2024.08.04 00:54:34 INFO  shutting down Metals[0m
2024.08.04 00:54:34 INFO  Exiting server[0m
2024.08.04 09:51:51 INFO  Started: Metals version 1.3.5 in folders '/home/zcy/ysyx/ysyx-workbench/ysyxSoC' for client Visual Studio Code 1.92.0.[0m
SLF4J(W): Class path contains multiple SLF4J providers.
SLF4J(W): Found provider [scribe.slf4j.ScribeServiceProvider@42e2da2c]
SLF4J(W): Found provider [ch.qos.logback.classic.spi.LogbackServiceProvider@7ba2c426]
SLF4J(W): See https://www.slf4j.org/codes.html#multiple_bindings for an explanation.
SLF4J(I): Actual provider is of type [scribe.slf4j.ScribeServiceProvider@42e2da2c]
2024.08.04 09:51:51 WARN  Flyway upgrade recommended: H2 2.3.230 is newer than this version of Flyway and support has not been tested. The latest supported version of H2 is 2.2.220.[0m
2024.08.04 13:39:17 INFO  Shutting down server[0m
2024.08.04 13:39:17 INFO  shutting down Metals[0m
2024.08.04 13:39:17 INFO  Exiting server[0m
2024.08.04 13:57:15 INFO  Started: Metals version 1.3.5 in folders '/home/zcy/ysyx/ysyx-workbench/ysyxSoC' for client Visual Studio Code 1.92.0.[0m
SLF4J(W): Class path contains multiple SLF4J providers.
SLF4J(W): Found provider [scribe.slf4j.ScribeServiceProvider@45ef6b8b]
SLF4J(W): Found provider [ch.qos.logback.classic.spi.LogbackServiceProvider@2a5dc8ee]
SLF4J(W): See https://www.slf4j.org/codes.html#multiple_bindings for an explanation.
SLF4J(I): Actual provider is of type [scribe.slf4j.ScribeServiceProvider@45ef6b8b]
2024.08.04 13:57:16 WARN  Flyway upgrade recommended: H2 2.3.230 is newer than this version of Flyway and support has not been tested. The latest supported version of H2 is 2.2.220.[0m
2024.08.04 22:48:12 INFO  Started: Metals version 1.3.5 in folders '/home/zcy/ysyx/ysyx-workbench/ysyxSoC' for client Visual Studio Code 1.92.0.[0m
SLF4J(W): Class path contains multiple SLF4J providers.
SLF4J(W): Found provider [scribe.slf4j.ScribeServiceProvider@2b163633]
SLF4J(W): Found provider [ch.qos.logback.classic.spi.LogbackServiceProvider@10098b4a]
SLF4J(W): See https://www.slf4j.org/codes.html#multiple_bindings for an explanation.
SLF4J(I): Actual provider is of type [scribe.slf4j.ScribeServiceProvider@2b163633]
2024.08.04 22:48:13 WARN  Flyway upgrade recommended: H2 2.3.230 is newer than this version of Flyway and support has not been tested. The latest supported version of H2 is 2.2.220.[0m
2024.08.05 01:13:52 INFO  Shutting down server[0m
2024.08.05 01:13:52 INFO  shutting down Metals[0m
2024.08.05 01:13:52 INFO  Exiting server[0m
2024.08.07 22:55:40 INFO  Started: Metals version 1.3.5 in folders '/home/zcy/ysyx/ysyx-workbench/ysyxSoC' for client Visual Studio Code 1.92.0.[0m
SLF4J(W): Class path contains multiple SLF4J providers.
SLF4J(W): Found provider [scribe.slf4j.ScribeServiceProvider@52c91aae]
SLF4J(W): Found provider [ch.qos.logback.classic.spi.LogbackServiceProvider@72cb6dd5]
SLF4J(W): See https://www.slf4j.org/codes.html#multiple_bindings for an explanation.
SLF4J(I): Actual provider is of type [scribe.slf4j.ScribeServiceProvider@52c91aae]
2024.08.07 22:55:41 WARN  Flyway upgrade recommended: H2 2.3.230 is newer than this version of Flyway and support has not been tested. The latest supported version of H2 is 2.2.220.[0m
2024.08.08 00:08:22 INFO  Shutting down server[0m
2024.08.08 00:08:22 INFO  shutting down Metals[0m
2024.08.08 00:08:22 INFO  Exiting server[0m
2024.08.13 23:41:22 INFO  Started: Metals version 1.3.5 in folders '/home/zcy/ysyx/ysyx-workbench/ysyxSoC' for client Visual Studio Code 1.92.1.[0m
SLF4J(W): Class path contains multiple SLF4J providers.
SLF4J(W): Found provider [scribe.slf4j.ScribeServiceProvider@7cedf886]
SLF4J(W): Found provider [ch.qos.logback.classic.spi.LogbackServiceProvider@4e7e4fbb]
SLF4J(W): See https://www.slf4j.org/codes.html#multiple_bindings for an explanation.
SLF4J(I): Actual provider is of type [scribe.slf4j.ScribeServiceProvider@7cedf886]
2024.08.13 23:41:23 WARN  Flyway upgrade recommended: H2 2.3.230 is newer than this version of Flyway and support has not been tested. The latest supported version of H2 is 2.2.220.[0m
2024.08.14 00:48:08 INFO  Shutting down server[0m
2024.08.14 00:48:08 INFO  shutting down Metals[0m
2024.08.14 00:48:08 INFO  Exiting server[0m
2024.08.18 20:57:52 INFO  Started: Metals version 1.3.5 in folders '/home/zcy/ysyx/ysyx-workbench/ysyxSoC' for client Visual Studio Code 1.92.2.[0m
SLF4J(W): Class path contains multiple SLF4J providers.
SLF4J(W): Found provider [scribe.slf4j.ScribeServiceProvider@7663d97c]
SLF4J(W): Found provider [ch.qos.logback.classic.spi.LogbackServiceProvider@3a0d7e35]
SLF4J(W): See https://www.slf4j.org/codes.html#multiple_bindings for an explanation.
SLF4J(I): Actual provider is of type [scribe.slf4j.ScribeServiceProvider@7663d97c]
2024.08.18 20:57:53 WARN  Flyway upgrade recommended: H2 2.3.230 is newer than this version of Flyway and support has not been tested. The latest supported version of H2 is 2.2.220.[0m
2024.08.18 21:03:46 INFO  Shutting down server[0m
2024.08.18 21:03:46 INFO  shutting down Metals[0m
2024.08.18 21:03:46 INFO  Exiting server[0m
2024.08.19 15:48:44 INFO  Started: Metals version 1.3.5 in folders '/home/zcy/ysyx/ysyx-workbench/ysyxSoC' for client Visual Studio Code 1.92.2.[0m
SLF4J(W): Class path contains multiple SLF4J providers.
SLF4J(W): Found provider [scribe.slf4j.ScribeServiceProvider@69a1cace]
SLF4J(W): Found provider [ch.qos.logback.classic.spi.LogbackServiceProvider@58907537]
SLF4J(W): See https://www.slf4j.org/codes.html#multiple_bindings for an explanation.
SLF4J(I): Actual provider is of type [scribe.slf4j.ScribeServiceProvider@69a1cace]
2024.08.19 15:48:45 WARN  Flyway upgrade recommended: H2 2.3.230 is newer than this version of Flyway and support has not been tested. The latest supported version of H2 is 2.2.220.[0m
2024.08.19 15:48:51 INFO  Shutting down server[0m
2024.08.19 15:48:51 INFO  shutting down Metals[0m
2024.08.19 15:48:51 INFO  Exiting server[0m
